Analysis & Synthesis report for comparatorwork
Sun May 29 23:38:38 2022
Quartus Prime Version 19.1.0 Build 670 09/22/2019 SJ Lite Edition


---------------------
; Table of Contents ;
---------------------
  1. Legal Notice
  2. Analysis & Synthesis Summary
  3. Analysis & Synthesis Settings
  4. Parallel Compilation
  5. Analysis & Synthesis Source Files Read
  6. Analysis & Synthesis Resource Usage Summary
  7. Analysis & Synthesis Resource Utilization by Entity
  8. Registers Removed During Synthesis
  9. Removed Registers Triggering Further Register Optimizations
 10. General Register Statistics
 11. Multiplexer Restructuring Statistics (Restructuring Performed)
 12. Post-Synthesis Netlist Statistics for Top Partition
 13. Elapsed Time Per Partition
 14. Analysis & Synthesis Messages
 15. Analysis & Synthesis Suppressed Messages



----------------
; Legal Notice ;
----------------
Copyright (C) 2019  Intel Corporation. All rights reserved.
Your use of Intel Corporation's design tools, logic functions 
and other software and tools, and any partner logic 
functions, and any output files from any of the foregoing 
(including device programming or simulation files), and any 
associated documentation or information are expressly subject 
to the terms and conditions of the Intel Program License 
Subscription Agreement, the Intel Quartus Prime License Agreement,
the Intel FPGA IP License Agreement, or other applicable license
agreement, including, without limitation, that your use is for
the sole purpose of programming logic devices manufactured by
Intel and sold by Intel or its authorized distributors.  Please
refer to the applicable agreement for further details, at
https://fpgasoftware.intel.com/eula.



+-------------------------------------------------------------------------------+
; Analysis & Synthesis Summary                                                  ;
+---------------------------------+---------------------------------------------+
; Analysis & Synthesis Status     ; Successful - Sun May 29 23:38:38 2022       ;
; Quartus Prime Version           ; 19.1.0 Build 670 09/22/2019 SJ Lite Edition ;
; Revision Name                   ; comparatorwork                              ;
; Top-level Entity Name           ; comparatorwork                              ;
; Family                          ; Cyclone V                                   ;
; Logic utilization (in ALMs)     ; N/A                                         ;
; Total registers                 ; 39                                          ;
; Total pins                      ; 61                                          ;
; Total virtual pins              ; 0                                           ;
; Total block memory bits         ; 0                                           ;
; Total DSP Blocks                ; 0                                           ;
; Total HSSI RX PCSs              ; 0                                           ;
; Total HSSI PMA RX Deserializers ; 0                                           ;
; Total HSSI TX PCSs              ; 0                                           ;
; Total HSSI PMA TX Serializers   ; 0                                           ;
; Total PLLs                      ; 0                                           ;
; Total DLLs                      ; 0                                           ;
+---------------------------------+---------------------------------------------+


+---------------------------------------------------------------------------------------------------------------------------+
; Analysis & Synthesis Settings                                                                                             ;
+---------------------------------------------------------------------------------+--------------------+--------------------+
; Option                                                                          ; Setting            ; Default Value      ;
+---------------------------------------------------------------------------------+--------------------+--------------------+
; Device                                                                          ; 5CGXFC7C7F23C8     ;                    ;
; Top-level entity name                                                           ; comparatorwork     ; comparatorwork     ;
; Family name                                                                     ; Cyclone V          ; Cyclone V          ;
; Use smart compilation                                                           ; Off                ; Off                ;
; Enable parallel Assembler and Timing Analyzer during compilation                ; On                 ; On                 ;
; Enable compact report table                                                     ; Off                ; Off                ;
; Restructure Multiplexers                                                        ; Auto               ; Auto               ;
; MLAB Add Timing Constraints For Mixed-Port Feed-Through Mode Setting Don't Care ; Off                ; Off                ;
; Create Debugging Nodes for IP Cores                                             ; Off                ; Off                ;
; Preserve fewer node names                                                       ; On                 ; On                 ;
; Intel FPGA IP Evaluation Mode                                                   ; Enable             ; Enable             ;
; Verilog Version                                                                 ; Verilog_2001       ; Verilog_2001       ;
; VHDL Version                                                                    ; VHDL_1993          ; VHDL_1993          ;
; State Machine Processing                                                        ; Auto               ; Auto               ;
; Safe State Machine                                                              ; Off                ; Off                ;
; Extract Verilog State Machines                                                  ; On                 ; On                 ;
; Extract VHDL State Machines                                                     ; On                 ; On                 ;
; Ignore Verilog initial constructs                                               ; Off                ; Off                ;
; Iteration limit for constant Verilog loops                                      ; 5000               ; 5000               ;
; Iteration limit for non-constant Verilog loops                                  ; 250                ; 250                ;
; Add Pass-Through Logic to Inferred RAMs                                         ; On                 ; On                 ;
; Infer RAMs from Raw Logic                                                       ; On                 ; On                 ;
; Parallel Synthesis                                                              ; On                 ; On                 ;
; DSP Block Balancing                                                             ; Auto               ; Auto               ;
; NOT Gate Push-Back                                                              ; On                 ; On                 ;
; Power-Up Don't Care                                                             ; On                 ; On                 ;
; Remove Redundant Logic Cells                                                    ; Off                ; Off                ;
; Remove Duplicate Registers                                                      ; On                 ; On                 ;
; Ignore CARRY Buffers                                                            ; Off                ; Off                ;
; Ignore CASCADE Buffers                                                          ; Off                ; Off                ;
; Ignore GLOBAL Buffers                                                           ; Off                ; Off                ;
; Ignore ROW GLOBAL Buffers                                                       ; Off                ; Off                ;
; Ignore LCELL Buffers                                                            ; Off                ; Off                ;
; Ignore SOFT Buffers                                                             ; On                 ; On                 ;
; Limit AHDL Integers to 32 Bits                                                  ; Off                ; Off                ;
; Optimization Technique                                                          ; Balanced           ; Balanced           ;
; Carry Chain Length                                                              ; 70                 ; 70                 ;
; Auto Carry Chains                                                               ; On                 ; On                 ;
; Auto Open-Drain Pins                                                            ; On                 ; On                 ;
; Perform WYSIWYG Primitive Resynthesis                                           ; Off                ; Off                ;
; Auto ROM Replacement                                                            ; On                 ; On                 ;
; Auto RAM Replacement                                                            ; On                 ; On                 ;
; Auto DSP Block Replacement                                                      ; On                 ; On                 ;
; Auto Shift Register Replacement                                                 ; Auto               ; Auto               ;
; Allow Shift Register Merging across Hierarchies                                 ; Auto               ; Auto               ;
; Auto Clock Enable Replacement                                                   ; On                 ; On                 ;
; Strict RAM Replacement                                                          ; Off                ; Off                ;
; Allow Synchronous Control Signals                                               ; On                 ; On                 ;
; Force Use of Synchronous Clear Signals                                          ; Off                ; Off                ;
; Auto Resource Sharing                                                           ; Off                ; Off                ;
; Allow Any RAM Size For Recognition                                              ; Off                ; Off                ;
; Allow Any ROM Size For Recognition                                              ; Off                ; Off                ;
; Allow Any Shift Register Size For Recognition                                   ; Off                ; Off                ;
; Use LogicLock Constraints during Resource Balancing                             ; On                 ; On                 ;
; Ignore translate_off and synthesis_off directives                               ; Off                ; Off                ;
; Timing-Driven Synthesis                                                         ; On                 ; On                 ;
; Report Parameter Settings                                                       ; On                 ; On                 ;
; Report Source Assignments                                                       ; On                 ; On                 ;
; Report Connectivity Checks                                                      ; On                 ; On                 ;
; Ignore Maximum Fan-Out Assignments                                              ; Off                ; Off                ;
; Synchronization Register Chain Length                                           ; 3                  ; 3                  ;
; Power Optimization During Synthesis                                             ; Normal compilation ; Normal compilation ;
; HDL message level                                                               ; Level2             ; Level2             ;
; Suppress Register Optimization Related Messages                                 ; Off                ; Off                ;
; Number of Removed Registers Reported in Synthesis Report                        ; 5000               ; 5000               ;
; Number of Swept Nodes Reported in Synthesis Report                              ; 5000               ; 5000               ;
; Number of Inverted Registers Reported in Synthesis Report                       ; 100                ; 100                ;
; Clock MUX Protection                                                            ; On                 ; On                 ;
; Auto Gated Clock Conversion                                                     ; Off                ; Off                ;
; Block Design Naming                                                             ; Auto               ; Auto               ;
; SDC constraint protection                                                       ; Off                ; Off                ;
; Synthesis Effort                                                                ; Auto               ; Auto               ;
; Shift Register Replacement - Allow Asynchronous Clear Signal                    ; On                 ; On                 ;
; Pre-Mapping Resynthesis Optimization                                            ; Off                ; Off                ;
; Analysis & Synthesis Message Level                                              ; Medium             ; Medium             ;
; Disable Register Merging Across Hierarchies                                     ; Auto               ; Auto               ;
; Resource Aware Inference For Block RAM                                          ; On                 ; On                 ;
; Automatic Parallel Synthesis                                                    ; On                 ; On                 ;
; Partial Reconfiguration Bitstream ID                                            ; Off                ; Off                ;
+---------------------------------------------------------------------------------+--------------------+--------------------+


+------------------------------------------+
; Parallel Compilation                     ;
+----------------------------+-------------+
; Processors                 ; Number      ;
+----------------------------+-------------+
; Number detected on machine ; 8           ;
; Maximum allowed            ; 4           ;
;                            ;             ;
; Average used               ; 1.00        ;
; Maximum used               ; 4           ;
;                            ;             ;
; Usage by Processor         ; % Time Used ;
;     Processor 1            ; 100.0%      ;
;     Processors 2-4         ;   0.0%      ;
+----------------------------+-------------+


+-----------------------------------------------------------------------------------------------------------------------------------------------------------------+
; Analysis & Synthesis Source Files Read                                                                                                                          ;
+----------------------------------+-----------------+------------------------------------------+-------------------------------------------------------+---------+
; File Name with User-Entered Path ; Used in Netlist ; File Type                                ; File Name with Absolute Path                          ; Library ;
+----------------------------------+-----------------+------------------------------------------+-------------------------------------------------------+---------+
; substraction.sv                  ; yes             ; User SystemVerilog HDL File              ; C:/Users/enesg/Desktop/compquartus/substraction.sv    ;         ;
; selector.sv                      ; yes             ; User SystemVerilog HDL File              ; C:/Users/enesg/Desktop/compquartus/selector.sv        ;         ;
; selec2.sv                        ; yes             ; User SystemVerilog HDL File              ; C:/Users/enesg/Desktop/compquartus/selec2.sv          ;         ;
; register.sv                      ; yes             ; User SystemVerilog HDL File              ; C:/Users/enesg/Desktop/compquartus/register.sv        ;         ;
; counter.sv                       ; yes             ; User SystemVerilog HDL File              ; C:/Users/enesg/Desktop/compquartus/counter.sv         ;         ;
; comparator.sv                    ; yes             ; User SystemVerilog HDL File              ; C:/Users/enesg/Desktop/compquartus/comparator.sv      ;         ;
; 5-1mux.sv                        ; yes             ; User SystemVerilog HDL File              ; C:/Users/enesg/Desktop/compquartus/5-1mux.sv          ;         ;
; 2-1mux2.sv                       ; yes             ; User SystemVerilog HDL File              ; C:/Users/enesg/Desktop/compquartus/2-1mux2.sv         ;         ;
; comparatorwork.bdf               ; yes             ; Auto-Found Block Diagram/Schematic File  ; C:/Users/enesg/Desktop/compquartus/comparatorwork.bdf ;         ;
+----------------------------------+-----------------+------------------------------------------+-------------------------------------------------------+---------+


+---------------------------------------------------------+
; Analysis & Synthesis Resource Usage Summary             ;
+---------------------------------------------+-----------+
; Resource                                    ; Usage     ;
+---------------------------------------------+-----------+
; Estimate of Logic utilization (ALMs needed) ; 37        ;
;                                             ;           ;
; Combinational ALUT usage for logic          ; 58        ;
;     -- 7 input functions                    ; 0         ;
;     -- 6 input functions                    ; 16        ;
;     -- 5 input functions                    ; 7         ;
;     -- 4 input functions                    ; 5         ;
;     -- <=3 input functions                  ; 30        ;
;                                             ;           ;
; Dedicated logic registers                   ; 39        ;
;                                             ;           ;
; I/O pins                                    ; 61        ;
;                                             ;           ;
; Total DSP Blocks                            ; 0         ;
;                                             ;           ;
; Maximum fan-out node                        ; clk~input ;
; Maximum fan-out                             ; 39        ;
; Total fan-out                               ; 413       ;
; Average fan-out                             ; 1.89      ;
+---------------------------------------------+-----------+


+----------------------------------------------------------------------------------------------------------------------------------------------------------------------------------------------------------+
; Analysis & Synthesis Resource Utilization by Entity                                                                                                                                                      ;
+----------------------------+---------------------+---------------------------+-------------------+------------+------+--------------+------------------------------------+----------------+--------------+
; Compilation Hierarchy Node ; Combinational ALUTs ; Dedicated Logic Registers ; Block Memory Bits ; DSP Blocks ; Pins ; Virtual Pins ; Full Hierarchy Name                ; Entity Name    ; Library Name ;
+----------------------------+---------------------+---------------------------+-------------------+------------+------+--------------+------------------------------------+----------------+--------------+
; |comparatorwork            ; 58 (0)              ; 39 (0)                    ; 0                 ; 0          ; 61   ; 0            ; |comparatorwork                    ; comparatorwork ; work         ;
;    |counter:10s|           ; 6 (6)               ; 3 (3)                     ; 0                 ; 0          ; 0    ; 0            ; |comparatorwork|counter:10s        ; counter        ; work         ;
;    |counter:1s|            ; 4 (4)               ; 3 (3)                     ; 0                 ; 0          ; 0    ; 0            ; |comparatorwork|counter:1s         ; counter        ; work         ;
;    |counter:25s|           ; 7 (7)               ; 3 (3)                     ; 0                 ; 0          ; 0    ; 0            ; |comparatorwork|counter:25s        ; counter        ; work         ;
;    |counter:50s|           ; 7 (7)               ; 3 (3)                     ; 0                 ; 0          ; 0    ; 0            ; |comparatorwork|counter:50s        ; counter        ; work         ;
;    |counter:5s|            ; 4 (4)               ; 3 (3)                     ; 0                 ; 0          ; 0    ; 0            ; |comparatorwork|counter:5s         ; counter        ; work         ;
;    |mux2:mux2-1|           ; 7 (7)               ; 7 (7)                     ; 0                 ; 0          ; 0    ; 0            ; |comparatorwork|mux2:mux2-1        ; mux2           ; work         ;
;    |mux5:inst6|            ; 7 (7)               ; 7 (7)                     ; 0                 ; 0          ; 0    ; 0            ; |comparatorwork|mux5:inst6         ; mux5           ; work         ;
;    |register:inst5|        ; 0 (0)               ; 7 (7)                     ; 0                 ; 0          ; 0    ; 0            ; |comparatorwork|register:inst5     ; register       ; work         ;
;    |selec2:inst|           ; 1 (1)               ; 1 (1)                     ; 0                 ; 0          ; 0    ; 0            ; |comparatorwork|selec2:inst        ; selec2         ; work         ;
;    |selector:inst4|        ; 2 (2)               ; 2 (2)                     ; 0                 ; 0          ; 0    ; 0            ; |comparatorwork|selector:inst4     ; selector       ; work         ;
;    |substracker:inst15|    ; 13 (13)             ; 0 (0)                     ; 0                 ; 0          ; 0    ; 0            ; |comparatorwork|substracker:inst15 ; substracker    ; work         ;
+----------------------------+---------------------+---------------------------+-------------------+------------+------+--------------+------------------------------------+----------------+--------------+
Note: For table entries with two numbers listed, the numbers in parentheses indicate the number of resources of the given type used by the specific entity alone. The numbers listed outside of parentheses indicate the total resources of the given type used by the specific entity and all of its sub-entities in the hierarchy.


+--------------------------------------------------------------------------------+
; Registers Removed During Synthesis                                             ;
+---------------------------------------+----------------------------------------+
; Register name                         ; Reason for Removal                     ;
+---------------------------------------+----------------------------------------+
; comparator:inst16|ysmaller            ; Stuck at VCC due to stuck port data_in ;
; comparator:inst16|ybigger             ; Stuck at VCC due to stuck port data_in ;
; comparator:inst16|yequal              ; Stuck at VCC due to stuck port data_in ;
; comparator:inst16|Compdone            ; Stuck at VCC due to stuck port data_in ;
; selector:inst4|out[2]                 ; Stuck at GND due to stuck port data_in ;
; Total Number of Removed Registers = 5 ;                                        ;
+---------------------------------------+----------------------------------------+


+-------------------------------------------------------------------------------------------------+
; Removed Registers Triggering Further Register Optimizations                                     ;
+----------------------------+---------------------------+----------------------------------------+
; Register name              ; Reason for Removal        ; Registers Removed due to This Register ;
+----------------------------+---------------------------+----------------------------------------+
; comparator:inst16|ysmaller ; Stuck at VCC              ; selector:inst4|out[2]                  ;
;                            ; due to stuck port data_in ;                                        ;
+----------------------------+---------------------------+----------------------------------------+


+------------------------------------------------------+
; General Register Statistics                          ;
+----------------------------------------------+-------+
; Statistic                                    ; Value ;
+----------------------------------------------+-------+
; Total registers                              ; 39    ;
; Number of registers using Synchronous Clear  ; 18    ;
; Number of registers using Synchronous Load   ; 0     ;
; Number of registers using Asynchronous Clear ; 0     ;
; Number of registers using Asynchronous Load  ; 0     ;
; Number of registers using Clock Enable       ; 10    ;
; Number of registers using Preset             ; 0     ;
+----------------------------------------------+-------+


+-----------------------------------------------------------------------------------------------------------------------------------------------------+
; Multiplexer Restructuring Statistics (Restructuring Performed)                                                                                      ;
+--------------------+-----------+---------------+----------------------+------------------------+------------+---------------------------------------+
; Multiplexer Inputs ; Bus Width ; Baseline Area ; Area if Restructured ; Saving if Restructured ; Registered ; Example Multiplexer Output            ;
+--------------------+-----------+---------------+----------------------+------------------------+------------+---------------------------------------+
; 3:1                ; 3 bits    ; 6 LEs         ; 3 LEs                ; 3 LEs                  ; Yes        ; |comparatorwork|counter:10s|count[1]  ;
; 3:1                ; 2 bits    ; 4 LEs         ; 4 LEs                ; 0 LEs                  ; Yes        ; |comparatorwork|selector:inst4|out[1] ;
; 3:1                ; 3 bits    ; 6 LEs         ; 3 LEs                ; 3 LEs                  ; Yes        ; |comparatorwork|counter:1s|count[2]   ;
; 3:1                ; 3 bits    ; 6 LEs         ; 3 LEs                ; 3 LEs                  ; Yes        ; |comparatorwork|counter:25s|count[0]  ;
; 3:1                ; 3 bits    ; 6 LEs         ; 3 LEs                ; 3 LEs                  ; Yes        ; |comparatorwork|counter:50s|count[0]  ;
; 3:1                ; 3 bits    ; 6 LEs         ; 3 LEs                ; 3 LEs                  ; Yes        ; |comparatorwork|counter:5s|count[0]   ;
; 4:1                ; 7 bits    ; 14 LEs        ; 14 LEs               ; 0 LEs                  ; Yes        ; |comparatorwork|mux5:inst6|out[6]     ;
+--------------------+-----------+---------------+----------------------+------------------------+------------+---------------------------------------+


+-----------------------------------------------------+
; Post-Synthesis Netlist Statistics for Top Partition ;
+-----------------------+-----------------------------+
; Type                  ; Count                       ;
+-----------------------+-----------------------------+
; arriav_ff             ; 39                          ;
;     ENA SCLR          ; 10                          ;
;     SCLR              ; 8                           ;
;     plain             ; 21                          ;
; arriav_lcell_comb     ; 59                          ;
;     normal            ; 52                          ;
;         0 data inputs ; 1                           ;
;         2 data inputs ; 9                           ;
;         3 data inputs ; 14                          ;
;         4 data inputs ; 5                           ;
;         5 data inputs ; 7                           ;
;         6 data inputs ; 16                          ;
;     shared            ; 7                           ;
;         2 data inputs ; 7                           ;
; boundary_port         ; 61                          ;
;                       ;                             ;
; Max LUT depth         ; 3.50                        ;
; Average LUT depth     ; 1.86                        ;
+-----------------------+-----------------------------+


+-------------------------------+
; Elapsed Time Per Partition    ;
+----------------+--------------+
; Partition Name ; Elapsed Time ;
+----------------+--------------+
; Top            ; 00:00:00     ;
+----------------+--------------+


+-------------------------------+
; Analysis & Synthesis Messages ;
+-------------------------------+
Info: *******************************************************************
Info: Running Quartus Prime Analysis & Synthesis
    Info: Version 19.1.0 Build 670 09/22/2019 SJ Lite Edition
    Info: Processing started: Sun May 29 23:38:28 2022
Info: Command: quartus_map --read_settings_files=on --write_settings_files=off comparator -c comparatorwork
Warning (18236): Number of processors has not been specified which may cause overloading on shared machines.  Set the global assignment NUM_PARALLEL_PROCESSORS in your QSF to an appropriate value for best performance.
Info (20030): Parallel compilation is enabled and will use 4 of the 4 processors detected
Info (12021): Found 1 design units, including 1 entities, in source file substraction.sv
    Info (12023): Found entity 1: substracker File: C:/Users/enesg/Desktop/compquartus/substraction.sv Line: 1
Info (12021): Found 1 design units, including 1 entities, in source file selector.sv
    Info (12023): Found entity 1: selector File: C:/Users/enesg/Desktop/compquartus/selector.sv Line: 1
Info (12021): Found 1 design units, including 1 entities, in source file selec2.sv
    Info (12023): Found entity 1: selec2 File: C:/Users/enesg/Desktop/compquartus/selec2.sv Line: 1
Info (12021): Found 1 design units, including 1 entities, in source file register.sv
    Info (12023): Found entity 1: register File: C:/Users/enesg/Desktop/compquartus/register.sv Line: 1
Info (12021): Found 1 design units, including 1 entities, in source file counter.sv
    Info (12023): Found entity 1: counter File: C:/Users/enesg/Desktop/compquartus/counter.sv Line: 1
Info (12021): Found 1 design units, including 1 entities, in source file comparator.sv
    Info (12023): Found entity 1: comparator File: C:/Users/enesg/Desktop/compquartus/comparator.sv Line: 1
Info (12021): Found 1 design units, including 1 entities, in source file 5-1mux.sv
    Info (12023): Found entity 1: mux5 File: C:/Users/enesg/Desktop/compquartus/5-1mux.sv Line: 1
Info (12021): Found 1 design units, including 1 entities, in source file 2-1mux2.sv
    Info (12023): Found entity 1: mux2 File: C:/Users/enesg/Desktop/compquartus/2-1mux2.sv Line: 1
Warning (12019): Can't analyze file -- file comparatorwork.v is missing
Warning (12019): Can't analyze file -- file Block1.bdf is missing
Warning (12019): Can't analyze file -- file Substracktor.v is missing
Warning (12019): Can't analyze file -- file 5-1mux.v is missing
Warning (12019): Can't analyze file -- file 2-1mux.v is missing
Info (12021): Found 1 design units, including 1 entities, in source file 5-1mux.bdf
    Info (12023): Found entity 1: 5-1MUX
Warning (12019): Can't analyze file -- file Counter.v is missing
Warning (12125): Using design file comparatorwork.bdf, which is not specified as a design file for the current project, but contains definitions for 1 design units and 1 entities in project
    Info (12023): Found entity 1: comparatorwork
Info (12127): Elaborating entity "comparatorwork" for the top level hierarchy
Info (12128): Elaborating entity "substracker" for hierarchy "substracker:inst15"
Warning (10230): Verilog HDL assignment warning at substraction.sv(18): truncated value with size 32 to match size of target (1) File: C:/Users/enesg/Desktop/compquartus/substraction.sv Line: 18
Warning (10240): Verilog HDL Always Construct warning at substraction.sv(16): inferring latch(es) for variable "sum", which holds its previous value in one or more paths through the always construct File: C:/Users/enesg/Desktop/compquartus/substraction.sv Line: 16
Warning (10240): Verilog HDL Always Construct warning at substraction.sv(16): inferring latch(es) for variable "done", which holds its previous value in one or more paths through the always construct File: C:/Users/enesg/Desktop/compquartus/substraction.sv Line: 16
Info (10041): Inferred latch for "done" at substraction.sv(16) File: C:/Users/enesg/Desktop/compquartus/substraction.sv Line: 16
Info (10041): Inferred latch for "sum[0]" at substraction.sv(16) File: C:/Users/enesg/Desktop/compquartus/substraction.sv Line: 16
Info (10041): Inferred latch for "sum[1]" at substraction.sv(16) File: C:/Users/enesg/Desktop/compquartus/substraction.sv Line: 16
Info (10041): Inferred latch for "sum[2]" at substraction.sv(16) File: C:/Users/enesg/Desktop/compquartus/substraction.sv Line: 16
Info (10041): Inferred latch for "sum[3]" at substraction.sv(16) File: C:/Users/enesg/Desktop/compquartus/substraction.sv Line: 16
Info (10041): Inferred latch for "sum[4]" at substraction.sv(16) File: C:/Users/enesg/Desktop/compquartus/substraction.sv Line: 16
Info (10041): Inferred latch for "sum[5]" at substraction.sv(16) File: C:/Users/enesg/Desktop/compquartus/substraction.sv Line: 16
Info (10041): Inferred latch for "sum[6]" at substraction.sv(16) File: C:/Users/enesg/Desktop/compquartus/substraction.sv Line: 16
Info (12128): Elaborating entity "comparator" for hierarchy "comparator:inst16"
Info (12128): Elaborating entity "mux2" for hierarchy "mux2:mux2-1"
Info (12128): Elaborating entity "selec2" for hierarchy "selec2:inst"
Info (12128): Elaborating entity "register" for hierarchy "register:inst5"
Info (12128): Elaborating entity "mux5" for hierarchy "mux5:inst6"
Info (12128): Elaborating entity "selector" for hierarchy "selector:inst4"
Info (12128): Elaborating entity "counter" for hierarchy "counter:10s"
Warning (14026): LATCH primitive "substracker:inst15|sum[0]" is permanently enabled File: C:/Users/enesg/Desktop/compquartus/substraction.sv Line: 16
Warning (14026): LATCH primitive "substracker:inst15|sum[1]" is permanently enabled File: C:/Users/enesg/Desktop/compquartus/substraction.sv Line: 16
Warning (14026): LATCH primitive "substracker:inst15|sum[2]" is permanently enabled File: C:/Users/enesg/Desktop/compquartus/substraction.sv Line: 16
Warning (14026): LATCH primitive "substracker:inst15|sum[3]" is permanently enabled File: C:/Users/enesg/Desktop/compquartus/substraction.sv Line: 16
Warning (14026): LATCH primitive "substracker:inst15|sum[4]" is permanently enabled File: C:/Users/enesg/Desktop/compquartus/substraction.sv Line: 16
Warning (14026): LATCH primitive "substracker:inst15|sum[5]" is permanently enabled File: C:/Users/enesg/Desktop/compquartus/substraction.sv Line: 16
Warning (14026): LATCH primitive "substracker:inst15|sum[6]" is permanently enabled File: C:/Users/enesg/Desktop/compquartus/substraction.sv Line: 16
Warning (13024): Output pins are stuck at VCC or GND
    Warning (13410): Pin "done" is stuck at VCC
    Warning (13410): Pin "Compdone" is stuck at VCC
Info (286030): Timing-Driven Synthesis is running
Info (144001): Generated suppressed messages file C:/Users/enesg/Desktop/compquartus/output_files/comparatorwork.map.smsg
Info (16010): Generating hard_block partition "hard_block:auto_generated_inst"
    Info (16011): Adding 0 node(s), including 0 DDIO, 0 PLL, 0 transceiver and 0 LCELL
Warning (21074): Design contains 7 input pin(s) that do not drive logic
    Warning (15610): No output dependent on input pin "I4_1[6]"
    Warning (15610): No output dependent on input pin "I4_1[5]"
    Warning (15610): No output dependent on input pin "I4_1[4]"
    Warning (15610): No output dependent on input pin "I4_1[3]"
    Warning (15610): No output dependent on input pin "I4_1[2]"
    Warning (15610): No output dependent on input pin "I4_1[1]"
    Warning (15610): No output dependent on input pin "I4_1[0]"
Info (21057): Implemented 126 device resources after synthesis - the final resource count might be different
    Info (21058): Implemented 44 input pins
    Info (21059): Implemented 17 output pins
    Info (21061): Implemented 65 logic cells
Info: Quartus Prime Analysis & Synthesis was successful. 0 errors, 29 warnings
    Info: Peak virtual memory: 4824 megabytes
    Info: Processing ended: Sun May 29 23:38:38 2022
    Info: Elapsed time: 00:00:10
    Info: Total CPU time (on all processors): 00:00:24


+------------------------------------------+
; Analysis & Synthesis Suppressed Messages ;
+------------------------------------------+
The suppressed messages can be found in C:/Users/enesg/Desktop/compquartus/output_files/comparatorwork.map.smsg.


